****************************************
Report : qor
Design : vending_machine
Version: W-2024.09-SP1
****************************************


Scenario           'func.nom'
Timing Path Group  '**in2reg_default**'
----------------------------------------
Levels of Logic:                      5
Critical Path Length:              1.67
Critical Path Slack:               2.88
Critical Path Clk Period:          5.00
Total Negative Slack:              0.00
No. of Violating Paths:               0
Worst Hold Violation:              0.00
Total Hold Violation:              0.00
No. of Hold Violations:               0
----------------------------------------

Scenario           'func.nom'
Timing Path Group  '**reg2out_default**'
----------------------------------------
Levels of Logic:                      0
Critical Path Length:              0.31
Critical Path Slack:               3.49
Critical Path Clk Period:          5.00
Total Negative Slack:              0.00
No. of Violating Paths:               0
Worst Hold Violation:              0.00
Total Hold Violation:              0.00
No. of Hold Violations:               0
----------------------------------------

Scenario           'func.nom'
Timing Path Group  'Clock'
----------------------------------------
Levels of Logic:                      3
Critical Path Length:              0.82
Critical Path Slack:               3.74
Critical Path Clk Period:          5.00
Total Negative Slack:              0.00
No. of Violating Paths:               0
Worst Hold Violation:              0.00
Total Hold Violation:              0.00
No. of Hold Violations:               0
----------------------------------------


Cell Count
----------------------------------------
Hierarchical Cell Count:              0
Hierarchical Port Count:              0
Leaf Cell Count:                     21
Buf/Inv Cell Count:                   5
Buf Cell Count:                       0
Inv Cell Count:                       5
Combinational Cell Count:            16
   Single-bit Isolation Cell Count:                        0
   Multi-bit Isolation Cell Count:                         0
   Isolation Cell Banking Ratio:                           0.00%
   Single-bit Level Shifter Cell Count:                    0
   Multi-bit Level Shifter Cell Count:                     0
   Level Shifter Cell Banking Ratio:                       0.00%
   Single-bit ELS Cell Count:                              0
   Multi-bit ELS Cell Count:                               0
   ELS Cell Banking Ratio:                                 0.00%
Sequential Cell Count:                5
   Integrated Clock-Gating Cell Count:                     0
   Sequential Macro Cell Count:                            0
   Single-bit Sequential Cell Count:                       5
   Multi-bit Sequential Cell Count:                        0
   Sequential Cell Banking Ratio:                          0.00%
   BitsPerflop:                                            1.00
Macro Count:                          0
----------------------------------------


Area
----------------------------------------
Combinational Area:               31.26
Noncombinational Area:            35.58
Buf/Inv Area:                      6.35
Total Buffer Area:                 0.00
Total Inverter Area:               6.35
Macro/Black Box Area:              0.00
Net Area:                             0
Net XLength:                      97.94
Net YLength:                     136.15
----------------------------------------
Cell Area (netlist):                             66.84
Cell Area (netlist and physical only):           81.33
Net Length:                      234.09


Design Rules
----------------------------------------
Total Number of Nets:                28
Nets with Violations:                 0
Max Trans Violations:                 0
Max Cap Violations:                   0
----------------------------------------

1
