 
****************************************
Report : area
Design : vending_machine
Version: W-2024.09-SP1
****************************************

Information: Updating design information... (UID-85)
Library(s) Used:

    saed32rvt_tt0p85v25c (File: /vending_machine/ref/lib/stdcell_rvt/saed32rvt_tt0p85v25c.db)

Number of ports:                            7
Number of nets:                            31
Number of cells:                           26
Number of combinational cells:             16
Number of sequential cells:                 5
Number of macros/black boxes:               0
Number of buf/inv:                          5
Number of references:                       9

Combinational area:                 31.259712
Buf/Inv area:                        6.353600
Noncombinational area:              35.580161
Macro/Black Box area:                0.000000
Net Interconnect area:               5.001682

Total cell area:                    66.839872
Total area:                         71.841554

Hierarchical area distribution
------------------------------

                                  Global cell area          Local cell area
                                  ------------------  --------------------------- 
Hierarchical cell                 Absolute   Percent  Combi-    Noncombi-  Black-
                                  Total      Total    national  national   boxes   Design
--------------------------------  ---------  -------  --------  ---------  ------  ---------
vending_machine                     66.8399    100.0   31.2597    35.5802  0.0000  vending_machine
--------------------------------  ---------  -------  --------  ---------  ------  ---------
Total                                                  31.2597    35.5802  0.0000

1
