 
****************************************
Report : power
        -hier
        -analysis_effort low
Design : vending_machine
Version: W-2024.09-SP1
****************************************


Library(s) Used:

    saed32rvt_tt0p85v25c (File: /vending_machine/ref/lib/stdcell_rvt/saed32rvt_tt0p85v25c.db)


Operating Conditions: tt0p85v25c   Library: saed32rvt_tt0p85v25c
Wire Load Model Mode: enclosed

Design        Wire Load Model            Library
------------------------------------------------
vending_machine        ForQA             saed32rvt_tt0p85v25c


Global Operating Voltage = 0.85 
Power-specific unit information :
    Voltage Units = 1V
    Capacitance Units = 1.000000ff
    Time Units = 1ns
    Dynamic Power Units = 1uW    (derived from V,C,T units)
    Leakage Power Units = 1pW


--------------------------------------------------------------------------------
                                       Switch   Int      Leak     Total
Hierarchy                              Power    Power    Power    Power    %
--------------------------------------------------------------------------------
vending_machine                           0.286    8.267 1.65e+06   10.203 100.0
1
