 
****************************************
Report : qor
Design : vending_machine
Version: W-2024.09-SP1
****************************************


  Timing Path Group 'Clock'
  -----------------------------------
  Levels of Logic:               5.00
  Critical Path Length:          0.43
  Critical Path Slack:           3.26
  Critical Path Clk Period:      5.00
  Total Negative Slack:          0.00
  No. of Violating Paths:        0.00
  Worst Hold Violation:          0.00
  Total Hold Violation:          0.00
  No. of Hold Violations:        0.00
  -----------------------------------


  Cell Count
  -----------------------------------
  Hierarchical Cell Count:          0
  Hierarchical Port Count:          0
  Leaf Cell Count:                 21
  Buf/Inv Cell Count:               5
  Buf Cell Count:                   0
  Inv Cell Count:                   5
  CT Buf/Inv Cell Count:            0
  Combinational Cell Count:        16
  Sequential Cell Count:            5
  Macro Count:                      0
  -----------------------------------


  Area
  -----------------------------------
  Combinational Area:       31.259712
  Noncombinational Area:    35.580161
  Buf/Inv Area:              6.353600
  Total Buffer Area:             0.00
  Total Inverter Area:           6.35
  Macro/Black Box Area:      0.000000
  Net Area:                  5.001682
  -----------------------------------
  Cell Area:                66.839872
  Design Area:              71.841554


  Design Rules
  -----------------------------------
  Total Number of Nets:            31
  Nets With Violations:             0
  Max Trans Violations:             0
  Max Cap Violations:               0
  -----------------------------------


  Hostname: inhydmupc1511-l

  Compile CPU Statistics
  -----------------------------------------
  Resource Sharing:                    0.00
  Logic Optimization:                  0.00
  Mapping Optimization:                0.10
  -----------------------------------------
  Overall Compile Time:                0.72
  Overall Compile Wall Clock Time:     0.72

  --------------------------------------------------------------------

  Design  WNS: 0.00  TNS: 0.00  Number of Violating Paths: 0


  Design (Hold)  WNS: 0.00  TNS: 0.00  Number of Violating Paths: 0

  --------------------------------------------------------------------


1
